---
source: tests/exec.rs
expression: out
---
[package]
name = "dep1"
version = "0.1.0"
authors = ["Pavan Kumar Sunkara <pavan.sss1991@gmail.com>"]
edition = "2018"
description = "dep1"
license = "MIT"

[dependencies]

