---
source: tests/init.rs
assertion_line: 56
expression: data
---
[workspace]
members = []
