---
source: tests/init.rs
assertion_line: 68
expression: err
---
info crates 
info initialized .
