---
source: tests/plan.rs
expression: out
---
simple

