---
source: tests/plan.rs
expression: out
---
dep1
dep2
top

